
"C:/lscc/radiant/2026.1/tcltk/windows/bin/tclsh" "lab3_impl_1_synthesize.tcl"

cpe -syn synpro -f lab3_impl_1.cprj -a iCE40UP -o lab3_impl_1_cpe.ldc
CPE: Constraint Propagation Engine: starting
INFO <35831038> - Setting lab3_skm as top module.
Analyzing VHDL file C:/lscc/radiant/2026.1/ispfpga\vhdl_packages\standard.vhd. VHDL-1481
Analyzing VHDL file C:/lscc/radiant/2026.1/ispfpga\vhdl_packages\standard.vhd

INFO <35921014> - C:/lscc/radiant/2026.1/ispfpga\vhdl_packages\standard.vhd(9): analyzing package standard. VHDL-1014
Analyzing VHDL file C:/lscc/radiant/2026.1/ispfpga\vhdl_packages\std_1164.vhd. VHDL-1481
Analyzing VHDL file C:/lscc/radiant/2026.1/ispfpga\vhdl_packages\std_1164.vhd

INFO <35921014> - C:/lscc/radiant/2026.1/ispfpga\vhdl_packages\std_1164.vhd(15): analyzing package std_logic_1164. VHDL-1014
INFO <35921013> - C:/lscc/radiant/2026.1/ispfpga\vhdl_packages\std_1164.vhd(178): analyzing package body std_logic_1164. VHDL-1013
Analyzing VHDL file C:/lscc/radiant/2026.1/ispfpga\vhdl_packages\mgc_qsim.vhd. VHDL-1481
Analyzing VHDL file C:/lscc/radiant/2026.1/ispfpga\vhdl_packages\mgc_qsim.vhd

INFO <35921014> - C:/lscc/radiant/2026.1/ispfpga\vhdl_packages\mgc_qsim.vhd(18): analyzing package qsim_logic. VHDL-1014
INFO <35921013> - C:/lscc/radiant/2026.1/ispfpga\vhdl_packages\mgc_qsim.vhd(753): analyzing package body qsim_logic. VHDL-1013
Analyzing VHDL file C:/lscc/radiant/2026.1/ispfpga\vhdl_packages\numeric_bit.vhd. VHDL-1481
Analyzing VHDL file C:/lscc/radiant/2026.1/ispfpga\vhdl_packages\numeric_bit.vhd

INFO <35921014> - C:/lscc/radiant/2026.1/ispfpga\vhdl_packages\numeric_bit.vhd(54): analyzing package numeric_bit. VHDL-1014
INFO <35921013> - C:/lscc/radiant/2026.1/ispfpga\vhdl_packages\numeric_bit.vhd(834): analyzing package body numeric_bit. VHDL-1013
Analyzing VHDL file C:/lscc/radiant/2026.1/ispfpga\vhdl_packages\numeric_std.vhd. VHDL-1481
Analyzing VHDL file C:/lscc/radiant/2026.1/ispfpga\vhdl_packages\numeric_std.vhd

INFO <35921014> - C:/lscc/radiant/2026.1/ispfpga\vhdl_packages\numeric_std.vhd(57): analyzing package numeric_std. VHDL-1014
INFO <35921013> - C:/lscc/radiant/2026.1/ispfpga\vhdl_packages\numeric_std.vhd(874): analyzing package body numeric_std. VHDL-1013
Analyzing VHDL file C:/lscc/radiant/2026.1/ispfpga\vhdl_packages\textio.vhd. VHDL-1481
Analyzing VHDL file C:/lscc/radiant/2026.1/ispfpga\vhdl_packages\textio.vhd

INFO <35921014> - C:/lscc/radiant/2026.1/ispfpga\vhdl_packages\textio.vhd(13): analyzing package textio. VHDL-1014
INFO <35921013> - C:/lscc/radiant/2026.1/ispfpga\vhdl_packages\textio.vhd(114): analyzing package body textio. VHDL-1013
Analyzing VHDL file C:/lscc/radiant/2026.1/ispfpga\vhdl_packages\std_logic_textio.vhd. VHDL-1481
Analyzing VHDL file C:/lscc/radiant/2026.1/ispfpga\vhdl_packages\std_logic_textio.vhd

INFO <35921014> - C:/lscc/radiant/2026.1/ispfpga\vhdl_packages\std_logic_textio.vhd(26): analyzing package std_logic_textio. VHDL-1014
INFO <35921013> - C:/lscc/radiant/2026.1/ispfpga\vhdl_packages\std_logic_textio.vhd(72): analyzing package body std_logic_textio. VHDL-1013
Analyzing VHDL file C:/lscc/radiant/2026.1/ispfpga\vhdl_packages\syn_misc.vhd. VHDL-1481
Analyzing VHDL file C:/lscc/radiant/2026.1/ispfpga\vhdl_packages\syn_misc.vhd

INFO <35921014> - C:/lscc/radiant/2026.1/ispfpga\vhdl_packages\syn_misc.vhd(30): analyzing package std_logic_misc. VHDL-1014
INFO <35921013> - C:/lscc/radiant/2026.1/ispfpga\vhdl_packages\syn_misc.vhd(182): analyzing package body std_logic_misc. VHDL-1013
Analyzing VHDL file C:/lscc/radiant/2026.1/ispfpga\vhdl_packages\math_real.vhd. VHDL-1481
INFO <35921014> - C:/lscc/radiant/2026.1/ispfpga\vhdl_packages\math_real.vhd(56): analyzing package math_real. VHDL-1014
INFO <35921013> - C:/lscc/radiant/2026.1/ispfpga\vhdl_packages\math_real.vhd(685): analyzing package body math_real. VHDL-1013
Analyzing VHDL file C:/lscc/radiant/2026.1/ispfpga\vhdl_packages\mixed_lang_vltype.vhd. VHDL-1481
Analyzing VHDL file C:/lscc/radiant/2026.1/ispfpga\vhdl_packages\mixed_lang_vltype.vhd

INFO <35921014> - C:/lscc/radiant/2026.1/ispfpga\vhdl_packages\mixed_lang_vltype.vhd(9): analyzing package vl_types. VHDL-1014
INFO <35921013> - C:/lscc/radiant/2026.1/ispfpga\vhdl_packages\mixed_lang_vltype.vhd(88): analyzing package body vl_types. VHDL-1013
Analyzing VHDL file C:/lscc/radiant/2026.1/ispfpga\vhdl_packages\syn_arit.vhd. VHDL-1481
Analyzing VHDL file C:/lscc/radiant/2026.1/ispfpga\vhdl_packages\syn_arit.vhd

INFO <35921014> - C:/lscc/radiant/2026.1/ispfpga\vhdl_packages\syn_arit.vhd(25): analyzing package std_logic_arith. VHDL-1014
INFO <35921013> - C:/lscc/radiant/2026.1/ispfpga\vhdl_packages\syn_arit.vhd(206): analyzing package body std_logic_arith. VHDL-1013
Analyzing VHDL file C:/lscc/radiant/2026.1/ispfpga\vhdl_packages\syn_attr.vhd. VHDL-1481
Analyzing VHDL file C:/lscc/radiant/2026.1/ispfpga\vhdl_packages\syn_attr.vhd

INFO <35921014> - C:/lscc/radiant/2026.1/ispfpga\vhdl_packages\syn_attr.vhd(39): analyzing package attributes. VHDL-1014
Analyzing VHDL file C:/lscc/radiant/2026.1/ispfpga\vhdl_packages\syn_sign.vhd. VHDL-1481
Analyzing VHDL file C:/lscc/radiant/2026.1/ispfpga\vhdl_packages\syn_sign.vhd

INFO <35921014> - C:/lscc/radiant/2026.1/ispfpga\vhdl_packages\syn_sign.vhd(35): analyzing package std_logic_signed. VHDL-1014
INFO <35921013> - C:/lscc/radiant/2026.1/ispfpga\vhdl_packages\syn_sign.vhd(96): analyzing package body std_logic_signed. VHDL-1013
Analyzing VHDL file C:/lscc/radiant/2026.1/ispfpga\vhdl_packages\syn_unsi.vhd. VHDL-1481
Analyzing VHDL file C:/lscc/radiant/2026.1/ispfpga\vhdl_packages\syn_unsi.vhd

INFO <35921014> - C:/lscc/radiant/2026.1/ispfpga\vhdl_packages\syn_unsi.vhd(35): analyzing package std_logic_unsigned. VHDL-1014
INFO <35921013> - C:/lscc/radiant/2026.1/ispfpga\vhdl_packages\syn_unsi.vhd(94): analyzing package body std_logic_unsigned. VHDL-1013
Analyzing VHDL file C:/lscc/radiant/2026.1/ispfpga\vhdl_packages\synattr.vhd. VHDL-1481
Analyzing VHDL file C:/lscc/radiant/2026.1/ispfpga\vhdl_packages\synattr.vhd

INFO <35921014> - C:/lscc/radiant/2026.1/ispfpga\vhdl_packages\synattr.vhd(50): analyzing package attributes. VHDL-1014
Analyzing VHDL file C:/lscc/radiant/2026.1/ispfpga\..\cae_library\synthesis\vhdl\iCE40UP.vhd. VHDL-1481
Analyzing VHDL file C:/lscc/radiant/2026.1/ispfpga\..\cae_library\synthesis\vhdl\iCE40UP.vhd

Analyzing Verilog file C:/lscc/radiant/2026.1/ispfpga\..\cae_library\synthesis\verilog\iCE40UP.v. VERI-1482
Analyzing Verilog file C:/lscc/radiant/2026.1/ip/pmi/pmi_iCE40UP.v. VERI-1482
INFO <35901328> - C:/lscc/radiant/2026.1/ip/pmi/pmi_iCE40UP.v(1): analyzing included file C:/lscc/radiant/2026.1/ip/pmi/pmi_addsub.v. VERI-1328
INFO <35901328> - C:/lscc/radiant/2026.1/ip/pmi/pmi_addsub.v(40): analyzing included file C:/lscc/radiant/2026.1/ip/pmi/../common/adder_subtractor/rtl/lscc_add_sub.v. VERI-1328
INFO <35901328> - C:/lscc/radiant/2026.1/ip/pmi/pmi_iCE40UP.v(2): analyzing included file C:/lscc/radiant/2026.1/ip/pmi/pmi_add.v. VERI-1328
INFO <35901328> - C:/lscc/radiant/2026.1/ip/pmi/pmi_add.v(50): analyzing included file C:/lscc/radiant/2026.1/ip/pmi/../common/adder/rtl/lscc_adder.v. VERI-1328
INFO <35901328> - C:/lscc/radiant/2026.1/ip/pmi/pmi_iCE40UP.v(3): analyzing included file C:/lscc/radiant/2026.1/ip/pmi/pmi_complex_mult.v. VERI-1328
INFO <35901328> - C:/lscc/radiant/2026.1/ip/pmi/pmi_complex_mult.v(52): analyzing included file C:/lscc/radiant/2026.1/ip/pmi/../common/complex_mult/rtl/lscc_complex_mult.v. VERI-1328
INFO <35901328> - C:/lscc/radiant/2026.1/ip/pmi/pmi_iCE40UP.v(4): analyzing included file C:/lscc/radiant/2026.1/ip/pmi/pmi_counter.v. VERI-1328
INFO <35901328> - C:/lscc/radiant/2026.1/ip/pmi/pmi_counter.v(39): analyzing included file C:/lscc/radiant/2026.1/ip/pmi/../common/counter/rtl/lscc_cntr.v. VERI-1328
INFO <35901328> - C:/lscc/radiant/2026.1/ip/pmi/pmi_iCE40UP.v(5): analyzing included file C:/lscc/radiant/2026.1/ip/pmi/pmi_fifo.v. VERI-1328
INFO <35901328> - C:/lscc/radiant/2026.1/ip/pmi/pmi_fifo.v(44): analyzing included file C:/lscc/radiant/2026.1/ip/pmi/../common/fifo/rtl/lscc_fifo.v. VERI-1328
INFO <35901328> - C:/lscc/radiant/2026.1/ip/pmi/pmi_iCE40UP.v(6): analyzing included file C:/lscc/radiant/2026.1/ip/pmi/pmi_fifo_dc.v. VERI-1328
INFO <35901328> - C:/lscc/radiant/2026.1/ip/pmi/pmi_fifo_dc.v(47): analyzing included file C:/lscc/radiant/2026.1/ip/pmi/../common/fifo_dc/rtl/lscc_fifo_dc.v. VERI-1328
INFO <35901328> - C:/lscc/radiant/2026.1/ip/pmi/pmi_fifo_dc.v(48): analyzing included file C:/lscc/radiant/2026.1/ip/pmi/../LFMXO4/fifo_dc/rtl/lscc_lfmxo4_fifo_dc.v. VERI-1328
INFO <35901328> - C:/lscc/radiant/2026.1/ip/pmi/../LFMXO4/fifo_dc/rtl/lscc_lfmxo4_fifo_dc.v(128): analyzing included file C:/lscc/radiant/2026.1/ip/pmi/../LFMXO4/fifo_dc/rtl/lscc_lfmxo4_fifo_dc_distributed_ram.v. VERI-1328
INFO <35901328> - C:/lscc/radiant/2026.1/ip/pmi/../LFMXO4/fifo_dc/rtl/lscc_lfmxo4_fifo_dc.v(129): analyzing included file C:/lscc/radiant/2026.1/ip/pmi/../LFMXO4/fifo_dc/rtl/lscc_lfmxo4_fifo_dc_ecc.v. VERI-1328
INFO <35901328> - C:/lscc/radiant/2026.1/ip/pmi/../LFMXO4/fifo_dc/rtl/lscc_lfmxo4_fifo_dc.v(130): analyzing included file C:/lscc/radiant/2026.1/ip/pmi/../LFMXO4/fifo_dc/rtl/lscc_lfmxo4_fifo_dc_flag_and_cnts_logic.v. VERI-1328
INFO <35901328> - C:/lscc/radiant/2026.1/ip/pmi/../LFMXO4/fifo_dc/rtl/lscc_lfmxo4_fifo_dc.v(131): analyzing included file C:/lscc/radiant/2026.1/ip/pmi/../LFMXO4/fifo_dc/rtl/lscc_lfmxo4_fifo_dc_gray_reg.v. VERI-1328
INFO <35901328> - C:/lscc/radiant/2026.1/ip/pmi/../LFMXO4/fifo_dc/rtl/lscc_lfmxo4_fifo_dc.v(132): analyzing included file C:/lscc/radiant/2026.1/ip/pmi/../LFMXO4/fifo_dc/rtl/lscc_lfmxo4_fifo_dc_gray_synchronizer.v. VERI-1328
INFO <35901328> - C:/lscc/radiant/2026.1/ip/pmi/../LFMXO4/fifo_dc/rtl/lscc_lfmxo4_fifo_dc.v(133): analyzing included file C:/lscc/radiant/2026.1/ip/pmi/../LFMXO4/fifo_dc/rtl/lscc_lfmxo4_fifo_dc_harden_prim.v. VERI-1328
INFO <35901328> - C:/lscc/radiant/2026.1/ip/pmi/../LFMXO4/fifo_dc/rtl/lscc_lfmxo4_fifo_dc.v(134): analyzing included file C:/lscc/radiant/2026.1/ip/pmi/../LFMXO4/fifo_dc/rtl/lscc_lfmxo4_fifo_dc_harden_rd_ctrl_logic.v. VERI-1328
INFO <35901328> - C:/lscc/radiant/2026.1/ip/pmi/../LFMXO4/fifo_dc/rtl/lscc_lfmxo4_fifo_dc.v(135): analyzing included file C:/lscc/radiant/2026.1/ip/pmi/../LFMXO4/fifo_dc/rtl/lscc_lfmxo4_fifo_dc_harden_rd_output_logic.v. VERI-1328
INFO <35901328> - C:/lscc/radiant/2026.1/ip/pmi/../LFMXO4/fifo_dc/rtl/lscc_lfmxo4_fifo_dc.v(136): analyzing included file C:/lscc/radiant/2026.1/ip/pmi/../LFMXO4/fifo_dc/rtl/lscc_lfmxo4_fifo_dc_harden_ring_counter.v. VERI-1328
INFO <35901328> - C:/lscc/radiant/2026.1/ip/pmi/../LFMXO4/fifo_dc/rtl/lscc_lfmxo4_fifo_dc.v(137): analyzing included file C:/lscc/radiant/2026.1/ip/pmi/../LFMXO4/fifo_dc/rtl/lscc_lfmxo4_fifo_dc_harden_wr_ctrl_logic.v. VERI-1328
INFO <35901328> - C:/lscc/radiant/2026.1/ip/pmi/../LFMXO4/fifo_dc/rtl/lscc_lfmxo4_fifo_dc.v(138): analyzing included file C:/lscc/radiant/2026.1/ip/pmi/../LFMXO4/fifo_dc/rtl/lscc_lfmxo4_fifo_dc_harden.v. VERI-1328
INFO <35901328> - C:/lscc/radiant/2026.1/ip/pmi/../LFMXO4/fifo_dc/rtl/lscc_lfmxo4_fifo_dc.v(139): analyzing included file C:/lscc/radiant/2026.1/ip/pmi/../LFMXO4/fifo_dc/rtl/lscc_lfmxo4_fifo_dc_prim_gen.v. VERI-1328
INFO <35901328> - C:/lscc/radiant/2026.1/ip/pmi/../LFMXO4/fifo_dc/rtl/lscc_lfmxo4_fifo_dc.v(140): analyzing included file C:/lscc/radiant/2026.1/ip/pmi/../LFMXO4/fifo_dc/rtl/lscc_lfmxo4_fifo_dc_rd_ctrl_logic.v. VERI-1328
INFO <35901328> - C:/lscc/radiant/2026.1/ip/pmi/../LFMXO4/fifo_dc/rtl/lscc_lfmxo4_fifo_dc.v(141): analyzing included file C:/lscc/radiant/2026.1/ip/pmi/../LFMXO4/fifo_dc/rtl/lscc_lfmxo4_fifo_dc_wr_ctrl_logic.v. VERI-1328
INFO <35901328> - C:/lscc/radiant/2026.1/ip/pmi/pmi_iCE40UP.v(7): analyzing included file C:/lscc/radiant/2026.1/ip/pmi/pmi_mac.v. VERI-1328
INFO <35901328> - C:/lscc/radiant/2026.1/ip/pmi/pmi_mac.v(52): analyzing included file C:/lscc/radiant/2026.1/ip/pmi/../common/mult_accumulate/rtl/lscc_mult_accumulate.v. VERI-1328
INFO <35901328> - C:/lscc/radiant/2026.1/ip/pmi/pmi_iCE40UP.v(8): analyzing included file C:/lscc/radiant/2026.1/ip/pmi/pmi_multaddsubsum.v. VERI-1328
INFO <35901328> - C:/lscc/radiant/2026.1/ip/pmi/pmi_multaddsubsum.v(53): analyzing included file C:/lscc/radiant/2026.1/ip/pmi/../common/mult_add_sub_sum/rtl/lscc_mult_add_sub_sum.v. VERI-1328
INFO <35901328> - C:/lscc/radiant/2026.1/ip/pmi/pmi_iCE40UP.v(9): analyzing included file C:/lscc/radiant/2026.1/ip/pmi/pmi_multaddsub.v. VERI-1328
INFO <35901328> - C:/lscc/radiant/2026.1/ip/pmi/pmi_multaddsub.v(52): analyzing included file C:/lscc/radiant/2026.1/ip/pmi/../common/mult_add_sub/rtl/lscc_mult_add_sub.v. VERI-1328
INFO <35901328> - C:/lscc/radiant/2026.1/ip/pmi/pmi_iCE40UP.v(10): analyzing included file C:/lscc/radiant/2026.1/ip/pmi/pmi_mult.v. VERI-1328
INFO <35901328> - C:/lscc/radiant/2026.1/ip/pmi/pmi_mult.v(51): analyzing included file C:/lscc/radiant/2026.1/ip/pmi/../common/multiplier/rtl/lscc_multiplier.v. VERI-1328
INFO <35901328> - C:/lscc/radiant/2026.1/ip/pmi/pmi_iCE40UP.v(11): analyzing included file C:/lscc/radiant/2026.1/ip/pmi/pmi_ram_dp.v. VERI-1328
INFO <35901328> - C:/lscc/radiant/2026.1/ip/pmi/pmi_ram_dp.v(48): analyzing included file C:/lscc/radiant/2026.1/ip/pmi/../common/ram_dp/rtl/lscc_ram_dp.v. VERI-1328
INFO <35901328> - C:/lscc/radiant/2026.1/ip/pmi/pmi_ram_dp.v(49): analyzing included file C:/lscc/radiant/2026.1/ip/pmi/../LFMXO4/ram_dp/rtl/lscc_lfmxo4_ram_dp.v. VERI-1328
INFO <35901328> - C:/lscc/radiant/2026.1/ip/pmi/../LFMXO4/ram_dp/rtl/lscc_lfmxo4_ram_dp.v(438): analyzing included file C:/lscc/radiant/2026.1/ip/pmi/../LFMXO4/ram_dp/rtl/lscc_lfmxo4_ram_dp_impl.v. VERI-1328
INFO <35901328> - C:/lscc/radiant/2026.1/ip/pmi/../LFMXO4/ram_dp/rtl/lscc_lfmxo4_ram_dp_impl.v(64): analyzing included file C:/lscc/radiant/2026.1/ip/pmi/../LFMXO4/ram_dp/rtl/lscc_lfmxo4_ram_dp_behavioral.v. VERI-1328
INFO <35901328> - C:/lscc/radiant/2026.1/ip/pmi/../LFMXO4/ram_dp/rtl/lscc_lfmxo4_ram_dp_impl.v(66): analyzing included file C:/lscc/radiant/2026.1/ip/pmi/../LFMXO4/ram_dp/rtl/lscc_lfmxo4_ram_dp_lut_decode.v. VERI-1328
INFO <35901328> - C:/lscc/radiant/2026.1/ip/pmi/../LFMXO4/ram_dp/rtl/lscc_lfmxo4_ram_dp_impl.v(478): analyzing included file C:/lscc/radiant/2026.1/ip/pmi/../LFMXO4/ram_dp/rtl/lscc_lfmxo4_ram_dp_functions.vh. VERI-1328
INFO <35901328> - C:/lscc/radiant/2026.1/ip/pmi/../LFMXO4/ram_dp/rtl/lscc_lfmxo4_ram_dp_impl.v(609): analyzing included file C:/lscc/radiant/2026.1/ip/pmi/../LFMXO4/ram_dp/rtl/lscc_lfmxo4_ram_dp_functions.vh. VERI-1328
INFO <35901328> - C:/lscc/radiant/2026.1/ip/pmi/../LFMXO4/ram_dp/rtl/lscc_lfmxo4_ram_dp_impl.v(1511): analyzing included file C:/lscc/radiant/2026.1/ip/pmi/../LFMXO4/ram_dp/rtl/lscc_lfmxo4_ram_dp_functions.vh. VERI-1328
INFO <35901328> - C:/lscc/radiant/2026.1/ip/pmi/../LFMXO4/ram_dp/rtl/lscc_lfmxo4_ram_dp_impl.v(2456): analyzing included file C:/lscc/radiant/2026.1/ip/pmi/../LFMXO4/ram_dp/rtl/lscc_lfmxo4_ram_dp_functions.vh. VERI-1328
INFO <35901328> - C:/lscc/radiant/2026.1/ip/pmi/../LFMXO4/ram_dp/rtl/lscc_lfmxo4_ram_dp_impl.v(4673): analyzing included file C:/lscc/radiant/2026.1/ip/pmi/../LFMXO4/ram_dp/rtl/lscc_lfmxo4_ram_dp_functions.vh. VERI-1328
INFO <35901328> - C:/lscc/radiant/2026.1/ip/pmi/pmi_iCE40UP.v(12): analyzing included file C:/lscc/radiant/2026.1/ip/pmi/pmi_ram_dq.v. VERI-1328
INFO <35901328> - C:/lscc/radiant/2026.1/ip/pmi/pmi_ram_dq.v(45): analyzing included file C:/lscc/radiant/2026.1/ip/pmi/../common/ram_dq/rtl/lscc_ram_dq.v. VERI-1328
INFO <35901328> - C:/lscc/radiant/2026.1/ip/pmi/pmi_ram_dq.v(46): analyzing included file C:/lscc/radiant/2026.1/ip/pmi/../LFMXO4/ram_dq/rtl/lscc_lfmxo4_ram_dq.v. VERI-1328
INFO <35901328> - C:/lscc/radiant/2026.1/ip/pmi/../LFMXO4/ram_dq/rtl/lscc_lfmxo4_ram_dq.v(2839): analyzing included file C:/lscc/radiant/2026.1/ip/pmi/../LFMXO4/ram_dq/rtl/hsiao_ecc_encoder.v. VERI-1328
INFO <35901328> - C:/lscc/radiant/2026.1/ip/pmi/../LFMXO4/ram_dq/rtl/lscc_lfmxo4_ram_dq.v(2840): analyzing included file C:/lscc/radiant/2026.1/ip/pmi/../LFMXO4/ram_dq/rtl/hsiao_ecc_decoder.v. VERI-1328
INFO <35901328> - C:/lscc/radiant/2026.1/ip/pmi/../LFMXO4/ram_dq/rtl/lscc_lfmxo4_ram_dq.v(2841): analyzing included file C:/lscc/radiant/2026.1/ip/pmi/../LFMXO4/ram_dq/rtl/lscc_lfmxo4_ram_dq_lut_decode.v. VERI-1328
INFO <35901328> - C:/lscc/radiant/2026.1/ip/pmi/pmi_iCE40UP.v(13): analyzing included file C:/lscc/radiant/2026.1/ip/pmi/pmi_rom.v. VERI-1328
INFO <35901328> - C:/lscc/radiant/2026.1/ip/pmi/pmi_rom.v(45): analyzing included file C:/lscc/radiant/2026.1/ip/pmi/../common/rom/rtl/lscc_rom.v. VERI-1328
INFO <35901328> - C:/lscc/radiant/2026.1/ip/pmi/pmi_iCE40UP.v(14): analyzing included file C:/lscc/radiant/2026.1/ip/pmi/pmi_sub.v. VERI-1328
INFO <35901328> - C:/lscc/radiant/2026.1/ip/pmi/pmi_sub.v(50): analyzing included file C:/lscc/radiant/2026.1/ip/pmi/../common/subtractor/rtl/lscc_subtractor.v. VERI-1328
INFO <35901328> - C:/lscc/radiant/2026.1/ip/pmi/pmi_iCE40UP.v(15): analyzing included file C:/lscc/radiant/2026.1/ip/pmi/pmi_ram_dp_be.v. VERI-1328
INFO <35901328> - C:/lscc/radiant/2026.1/ip/pmi/pmi_ram_dp_be.v(49): analyzing included file C:/lscc/radiant/2026.1/ip/pmi/../common/ram_dp/rtl/lscc_ram_dp.v. VERI-1328
INFO <35901328> - C:/lscc/radiant/2026.1/ip/pmi/pmi_ram_dp_be.v(50): analyzing included file C:/lscc/radiant/2026.1/ip/pmi/../LFMXO4/ram_dp/rtl/lscc_lfmxo4_ram_dp.v. VERI-1328
INFO <35901328> - C:/lscc/radiant/2026.1/ip/pmi/../LFMXO4/ram_dp/rtl/lscc_lfmxo4_ram_dp.v(438): analyzing included file C:/lscc/radiant/2026.1/ip/pmi/../LFMXO4/ram_dp/rtl/lscc_lfmxo4_ram_dp_impl.v. VERI-1328
INFO <35901328> - C:/lscc/radiant/2026.1/ip/pmi/pmi_iCE40UP.v(16): analyzing included file C:/lscc/radiant/2026.1/ip/pmi/pmi_ram_dq_be.v. VERI-1328
INFO <35901328> - C:/lscc/radiant/2026.1/ip/pmi/pmi_ram_dq_be.v(45): analyzing included file C:/lscc/radiant/2026.1/ip/pmi/../common/ram_dq/rtl/lscc_ram_dq.v. VERI-1328
INFO <35901328> - C:/lscc/radiant/2026.1/ip/pmi/pmi_ram_dq_be.v(46): analyzing included file C:/lscc/radiant/2026.1/ip/pmi/../LFMXO4/ram_dq/rtl/lscc_lfmxo4_ram_dq.v. VERI-1328
INFO <35901328> - C:/lscc/radiant/2026.1/ip/pmi/../LFMXO4/ram_dq/rtl/lscc_lfmxo4_ram_dq.v(2839): analyzing included file C:/lscc/radiant/2026.1/ip/pmi/../LFMXO4/ram_dq/rtl/hsiao_ecc_encoder.v. VERI-1328
INFO <35901328> - C:/lscc/radiant/2026.1/ip/pmi/../LFMXO4/ram_dq/rtl/lscc_lfmxo4_ram_dq.v(2840): analyzing included file C:/lscc/radiant/2026.1/ip/pmi/../LFMXO4/ram_dq/rtl/hsiao_ecc_decoder.v. VERI-1328
INFO <35901328> - C:/lscc/radiant/2026.1/ip/pmi/../LFMXO4/ram_dq/rtl/lscc_lfmxo4_ram_dq.v(2841): analyzing included file C:/lscc/radiant/2026.1/ip/pmi/../LFMXO4/ram_dq/rtl/lscc_lfmxo4_ram_dq_lut_decode.v. VERI-1328
INFO <35901328> - C:/lscc/radiant/2026.1/ip/pmi/pmi_iCE40UP.v(17): analyzing included file C:/lscc/radiant/2026.1/ip/pmi/pmi_dsp.v. VERI-1328
Analyzing Verilog file C:/Users/skantimahanty/Documents/GitHub/engr155-lab3/project files/source/impl_1/counter.sv. VERI-1482
Analyzing Verilog file C:/Users/skantimahanty/Documents/GitHub/engr155-lab3/project files/source/impl_1/lab3_skm.sv. VERI-1482
Analyzing Verilog file C:/Users/skantimahanty/Documents/GitHub/engr155-lab3/project files/source/impl_1/lab2_scanner.sv. VERI-1482
Analyzing Verilog file C:/Users/skantimahanty/Documents/GitHub/engr155-lab3/project files/source/impl_1/lab2_sevenseg.sv. VERI-1482
Analyzing Verilog file C:/Users/skantimahanty/Documents/GitHub/engr155-lab3/project files/source/impl_1/lab3debouncer.sv. VERI-1482
Analyzing Verilog file C:/Users/skantimahanty/Documents/GitHub/engr155-lab3/project files/source/impl_1/lab3led.sv. VERI-1482
Analyzing Verilog file C:/Users/skantimahanty/Documents/GitHub/engr155-lab3/project files/source/impl_1/lab3main.sv. VERI-1482
Analyzing Verilog file C:/Users/skantimahanty/Documents/GitHub/engr155-lab3/project files/source/impl_1/lab3sync.sv. VERI-1482
Analyzing VHDL file C:/lscc/radiant/2026.1/ip/pmi/pmi_iCE40UP.vhd. VHDL-1481
Analyzing VHDL file C:/lscc/radiant/2026.1/ip/pmi/pmi_iCE40UP.vhd

INFO <35921014> - C:/lscc/radiant/2026.1/ip/pmi/pmi_iCE40UP.vhd(4): analyzing package components. VHDL-1014
Top module name (Verilog): lab3_skm
INFO <35901018> - C:/Users/skantimahanty/Documents/GitHub/engr155-lab3/project files/source/impl_1/lab3_skm.sv(6): compiling module lab3_skm. VERI-1018
INFO <35901018> - C:/lscc/radiant/2026.1/ispfpga\..\cae_library\synthesis\verilog\iCE40UP.v(756): compiling module HSOSC(CLKHF_DIV=2&apos;b01). VERI-1018
INFO <35901018> - C:/Users/skantimahanty/Documents/GitHub/engr155-lab3/project files/source/impl_1/lab2_scanner.sv(5): compiling module lab2_scanner(max_count=24&apos;b0101110110111111). VERI-1018
INFO <35901018> - C:/Users/skantimahanty/Documents/GitHub/engr155-lab3/project files/source/impl_1/counter.sv(5): compiling module counter(max_count=24&apos;b0101110110111111). VERI-1018
WARNING <35901209> - C:/Users/skantimahanty/Documents/GitHub/engr155-lab3/project files/source/impl_1/counter.sv(21): expression size 32 truncated to fit in target size 24. VERI-1209
INFO <35901018> - C:/Users/skantimahanty/Documents/GitHub/engr155-lab3/project files/source/impl_1/lab3sync.sv(5): compiling module lab3sync. VERI-1018
INFO <35901018> - C:/Users/skantimahanty/Documents/GitHub/engr155-lab3/project files/source/impl_1/lab3main.sv(1): compiling module lab3main. VERI-1018
INFO <35901018> - C:/Users/skantimahanty/Documents/GitHub/engr155-lab3/project files/source/impl_1/lab3debouncer.sv(6): compiling module lab3debouncer. VERI-1018
INFO <35901018> - C:/Users/skantimahanty/Documents/GitHub/engr155-lab3/project files/source/impl_1/counter.sv(5): compiling module counter(max_count=24&apos;b010111011011111111). VERI-1018
WARNING <35901209> - C:/Users/skantimahanty/Documents/GitHub/engr155-lab3/project files/source/impl_1/counter.sv(21): expression size 32 truncated to fit in target size 24. VERI-1209
INFO <35901018> - C:/Users/skantimahanty/Documents/GitHub/engr155-lab3/project files/source/impl_1/lab3led.sv(5): compiling module lab3led. VERI-1018
INFO <35901018> - C:/Users/skantimahanty/Documents/GitHub/engr155-lab3/project files/source/impl_1/lab2_sevenseg.sv(5): compiling module lab2_sevenseg. VERI-1018
INFO <35901018> - C:/Users/skantimahanty/Documents/GitHub/engr155-lab3/project files/source/impl_1/counter.sv(5): compiling module counter(max_count=24&apos;b0110000110100111111). VERI-1018
WARNING <35901209> - C:/Users/skantimahanty/Documents/GitHub/engr155-lab3/project files/source/impl_1/counter.sv(21): expression size 32 truncated to fit in target size 24. VERI-1209
Source compile complete.
Writing output files.
CPE Completed. lab3_impl_1_cpe.ldc and CPEReport.txt produced.
CPE: Constraint Propagation Engine: completed



synpwrap -prj lab3_impl_1_synplify.tcl -log lab3_impl_1.srf
Copyright (C) 1992-2026 Lattice Semiconductor Corporation. All rights reserved.
Lattice Radiant Software Version 2026.1.0.37.0
INFO <2011000> - Synplify synthesis engine is launched.
...
...
...
...
...
...
Running 0 minute(s) 30 second(s) 
