
                         Lattice Mapping Report File

Design:  lab3_skm
Family:  iCE40UP
Device:  iCE40UP5K
Package: SG48
Performance Grade:  High-Performance_1.2V

Mapper:    version Radiant Software (64-bit) 2026.1.0.37.0
Mapped on: Sun Sep 20 17:55:36 2026

Design Information
------------------

Command line:   map -pdc
     C:/Users/skantimahanty/Documents/GitHub/engr155-lab3/project
     files/something.pdc -i lab3_impl_1_syn.udb -o lab3_impl_1_map.udb -mp
     lab3_impl_1.mrp -hierrpt -gui -msgset
     C:/Users/skantimahanty/Documents/GitHub/engr155-lab3/project
     files/promote.xml

Design Summary
--------------

   Number of slice registers: 131 out of  5280 (2%)
   Number of I/O registers:      0 out of   117 (0%)
   Number of LUT4s:           312 out of  5280 (6%)
      Number of logic LUT4s:             201
      Number of inserted feedthru LUT4s:  31
      Number of replicated LUT4s:          2
      Number of ripple logic:             39 (78 LUT4s)
   Number of IO sites used:   17 out of 39 (44%)
      Number of IO sites used for general PIO: 17
      Number of IO sites used for I3C: 0 out of 2 (0%)
      (note: If I3C is not used, its site can be used as general PIO)
      Number of IO sites used for PIO+I3C: 17 out of 36 (47%)
      Number of IO sites used for OD+RGB IO buffers: 0 out of 3 (0%)
      (note: If RGB LED drivers are not used, sites can be used as OD outputs,
       see TN1288 iCE40 LED Driver Usage Guide)
      Number of IO sites used for PIO+I3C+OD+RGB: 17 out of 39 (44%)
   Number of DSPs:             0 out of 8 (0%)
   Number of I2Cs:             0 out of 2 (0%)
   Number of High Speed OSCs:  1 out of 1 (100%)
   Number of Low Speed OSCs:   0 out of 1 (0%)
   Number of RGB PWM:          0 out of 1 (0%)
   Number of RGB Drivers:      0 out of 1 (0%)
   Number of SCL FILTERs:      0 out of 2 (0%)
   Number of SRAMs:            0 out of 4 (0%)
   Number of WARMBOOTs:        0 out of 1 (0%)
   Number of SPIs:             0 out of 2 (0%)
   Number of EBRs:             0 out of 30 (0%)
   Number of PLLs:             0 out of 1 (0%)
   Number of Clocks:  1
      Net int_osc: 121 loads, 121 rising, 0 falling (Driver: Pin
     hf_osc.osc_inst/CLKHF)
   Number of Clock Enables:  3
      Net decoder.state_3: 8 loads, 8 SLICEs
      Net VCC: 1 loads, 0 SLICEs
      Net led.left_num_0_sqmuxa: 8 loads, 8 SLICEs
   Number of LSRs:  0
   Top 10 highest fanout non-clock nets:

                                    Page 1





Design Summary (cont)
---------------------
      Net debouncer.timer_reset_n_i: 24 loads
      Net debouncer.candidate6_22: 20 loads
      Net debouncer.candidate6_21: 15 loads
      Net anode_6[1]: 14 loads
      Net scan.count.count14_10: 14 loads
      Net scan.count.count14_5: 14 loads
      Net scan.count.count14_6: 14 loads
      Net count.count56_12: 12 loads
      Net count.count56_16: 12 loads
      Net scan.count.count2[12]: 12 loads





   Number of warnings:  0
   Number of criticals: 0
   Number of errors:    0

Design Errors/Criticals/Warnings
--------------------------------

   No error, critical, or warning presents.

IO (PIO) Attributes
-------------------

+---------------------+-----------+-----------+-------+-------+-----------+
| IO Name             | Direction | Levelmode |  IO   |  IO   | Special   |
|                     |           |  IO_TYPE  |  REG  |  DDR  | IO Buffer |
+---------------------+-----------+-----------+-------+-------+-----------+
| cols[0]             | INPUT     |           |       |       |           |
+---------------------+-----------+-----------+-------+-------+-----------+
| cols[1]             | INPUT     |           |       |       |           |
+---------------------+-----------+-----------+-------+-------+-----------+
| cols[2]             | INPUT     |           |       |       |           |
+---------------------+-----------+-----------+-------+-------+-----------+
| cols[3]             | INPUT     |           |       |       |           |
+---------------------+-----------+-----------+-------+-------+-----------+
| seg[0]              | OUTPUT    |           |       |       |           |
+---------------------+-----------+-----------+-------+-------+-----------+
| seg[1]              | OUTPUT    |           |       |       |           |
+---------------------+-----------+-----------+-------+-------+-----------+
| seg[2]              | OUTPUT    |           |       |       |           |
+---------------------+-----------+-----------+-------+-------+-----------+
| seg[3]              | OUTPUT    |           |       |       |           |
+---------------------+-----------+-----------+-------+-------+-----------+
| seg[4]              | OUTPUT    |           |       |       |           |
+---------------------+-----------+-----------+-------+-------+-----------+
| seg[5]              | OUTPUT    |           |       |       |           |
+---------------------+-----------+-----------+-------+-------+-----------+
| seg[6]              | OUTPUT    |           |       |       |           |
+---------------------+-----------+-----------+-------+-------+-----------+
| anode[0]            | OUTPUT    |           |       |       |           |
+---------------------+-----------+-----------+-------+-------+-----------+
| anode[1]            | OUTPUT    |           |       |       |           |
+---------------------+-----------+-----------+-------+-------+-----------+
| rows[0]             | OUTPUT    |           |       |       |           |

                                    Page 2





IO (PIO) Attributes (cont)
--------------------------
+---------------------+-----------+-----------+-------+-------+-----------+
| rows[1]             | OUTPUT    |           |       |       |           |
+---------------------+-----------+-----------+-------+-------+-----------+
| rows[2]             | OUTPUT    |           |       |       |           |
+---------------------+-----------+-----------+-------+-------+-----------+
| rows[3]             | OUTPUT    |           |       |       |           |
+---------------------+-----------+-----------+-------+-------+-----------+

Removed logic
-------------

Block cols_ibuf[0].vlo_inst was optimized away.

OSC Summary
-----------

OSC 1:                                 Pin/Node Value
  OSC Instance Name:                            hf_osc.osc_inst
  Power UP:                            NODE     VCC
  Enable Signal:                       NODE     VCC
  OSC Output:                          NODE     int_osc
  DIV Setting:                                  01

ASIC Components
---------------

Instance Name: hf_osc.osc_inst
         Type: HFOSC

Constraint Summary
------------------

   Total number of constraints: 18
   Total number of constraints dropped: 0

Run Time and Memory Usage
-------------------------

   Total CPU Time: 0 secs
   Total REAL Time: 3 secs
   Peak Memory Usage: 70 MB
Checksum -- map: 2d2618cee3bc94f120ed02ed959b26d4574fd341
















                                    Page 3


Copyright (c) 1991-1994 by NeoCAD Inc. All rights reserved.
Copyright (c) 1995
     AT&T Corp.   All rights reserved.
Copyright (c) 1995-2001 Lucent
     Technologies Inc.  All rights reserved.
Copyright (c) 2001 Agere Systems
     All rights reserved.
Copyright (c) 2002-2026 Lattice Semiconductor
     Corporation,  All rights reserved.
