
Copyright (C) 1994-2025 Synopsys, Inc.
This Synopsys software and all associated documentation are proprietary to Synopsys, Inc.
and may only be used pursuant to the terms and conditions of a written license agreement
with Synopsys, Inc. All other use, reproduction, modification, or distribution of the
Synopsys software or the associated documentation is strictly prohibited.
Tool: Synplify Pro (R)
Build: X-2025.09LR-SP1
Install: C:\lscc\radiant\2026.1\synpbase
OS: Windows 10 or later
Hostname: 8FMZ0R3

Implementation : impl_1

# Written on Sat Sep 19 18:19:41 2026

##### FILES SYNTAX CHECKED ##############################################
Constraint File(s):      "C:\lscc\radiant\2026.1\scripts\tcl\flow\radiant_synplify_vars.tcl"
                         "C:\Users\skantimahanty\Documents\GitHub\engr155-lab3\project files\impl_1\lab3_impl_1_cpe.ldc"

#Run constraint checker to find more issues with constraints.
#########################################################################



No issues found in constraint syntax.



Clock Summary
*************

          Start                               Requested     Requested     Clock        Clock                     Clock
Level     Clock                               Frequency     Period        Type         Group                     Load 
----------------------------------------------------------------------------------------------------------------------
0 -       lab3_skm|int_osc_inferred_clock     200.0 MHz     5.000         inferred     Inferred_clkgroup_0_1     115  
======================================================================================================================


Clock Load Summary
******************

                                    Clock     Source                  Clock Pin               Non-clock Pin     Non-clock Pin
Clock                               Load      Pin                     Seq Example             Seq Example       Comb Example 
-----------------------------------------------------------------------------------------------------------------------------
lab3_skm|int_osc_inferred_clock     115       hf_osc.CLKHF(HSOSC)     count.count[23:0].C     -                 -            
=============================================================================================================================
