{
"Synplify Pro (R) Job Log" : {
	"Date" : "17:55:29    20-Sep-2026",
	"Working Directory" : "C:/Users/skantimahanty/Documents/GitHub/engr155-lab3/project files/impl_1",
	"Install" : "C:/lscc/radiant/2026.1/synpbase"
},
"impl_1" :{
   "Job Flow" : "Sequential",
   "Start Time" : "17:54:59",
   "Runtime" : "30s",
   "Executable Run Time" : "28s",
   "synthesis" : {
      "Job Flow" : "Sequential",
      "Start Time" : "17:54:59",
      "Runtime" : "30s",
      "Executable Run Time" : "28s",
      "compile" : {
         "Job Flow" : "Sequential",
         "Start Time" : "17:54:59",
         "Runtime" : "27s",
         "Executable Run Time" : "25s",
         "compile_flow" : {
            "Job Flow" : "Sequential",
            "Start Time" : "17:54:59",
            "Runtime" : "12s",
            "Executable Run Time" : "10s",
            "compiler" : {
               "executable" : "bin64/c_hdl.exe",
               "Run Directory" : "C:/Users/skantimahanty/Documents/GitHub/engr155-lab3/project files/impl_1",
               "Run State" : "Complete",
               "Return Code" : "0",
               "Run Success" : "yes",
               "Run Start Time" : "17:54:59",
               "Run Time" : "12s",
               "Exe Run Time" : "10s",
               "max_parallel_jobs" : "4",
               "Memory Usage" : "-",
               "Up-to-date (run skipped)" : "no"
            },
            "multi_srs_gen" : {
               "executable" : "bin64/syn_nfilter.exe",
               "Run Directory" : "C:/Users/skantimahanty/Documents/GitHub/engr155-lab3/project files/impl_1",
               "Run State" : "Complete",
               "Return Code" : "0",
               "Run Success" : "yes",
               "Run Start Time" : "17:55:11",
               "Run Time" : "00s",
               "Exe Run Time" : "00s",
               "Memory Usage" : "-",
               "Up-to-date (run skipped)" : "no"
            }
         },
         "premap" : {
            "executable" : "bin64/m_generic.exe",
            "Run Directory" : "C:/Users/skantimahanty/Documents/GitHub/engr155-lab3/project files/impl_1",
            "Run State" : "Complete",
            "Return Code" : "1",
            "Run Success" : "yes",
            "Run Start Time" : "17:55:11",
            "Run Time" : "15s",
            "Exe Run Time" : "15s",
            "Memory Usage" : "-",
            "Up-to-date (run skipped)" : "no"
         }
      },
      "map" : {
         "Job Flow" : "Sequential",
         "Start Time" : "17:55:26",
         "Runtime" : "03s",
         "Executable Run Time" : "03s",
         "fpga_mapper" : {
            "executable" : "bin64/m_generic.exe",
            "Run Directory" : "C:/Users/skantimahanty/Documents/GitHub/engr155-lab3/project files/impl_1",
            "Run State" : "Complete",
            "Return Code" : "1",
            "Run Success" : "yes",
            "Run Start Time" : "17:55:26",
            "Run Time" : "03s",
            "Exe Run Time" : "03s",
            "Memory Usage" : "-",
            "Up-to-date (run skipped)" : "no"
         }
      }
   }
}
}