C:\lscc\radiant\2026.1\synpbase\bin64\c_hdl.exe  -osyn  "C:\Users\skantimahanty\Documents\GitHub\engr155-lab3\project files\impl_1\synwork\lab3_impl_1_comp.srs"  -top  lab3_skm  -hdllog  "C:\Users\skantimahanty\Documents\GitHub\engr155-lab3\project files\impl_1\synlog\lab3_impl_1_compiler.srr"  -encrypt  -mp  4  -verification_mode 0  -vhdl  -prodtype  synplify_pro  -primux -fixsmult -infer_seqShift -sdff_counter -nram -divnmod -nostructver  -lattice -ice  -encrypt  -pro  -dmgen  "C:\Users\skantimahanty\Documents\GitHub\engr155-lab3\project files\impl_1\dm"  -lite -ui -fid2 -ram -sharing on -ll 2000 -autosm  -work_is_curlib 0  -ignore_undefined_lib  -lib pmi C:\lscc\radiant\2026.1\ip\pmi\pmi_iCE40UP.vhd  -verilog  -prodtype  synplify_pro  -primux -fixsmult -infer_seqShift -sdff_counter -nram -divnmod -nostructver  -lattice -ice   -I "C:\Users\skantimahanty\Documents\GitHub\engr155-lab3\project files"  -I "C:\Users\skantimahanty\Documents\GitHub\engr155-lab3\project files\impl_1\"  -I C:\lscc\radiant\2026.1\synpbase\lib   -v2001  -devicelib  C:\lscc\radiant\2026.1\synpbase\lib\generic\ice40up.v  -encrypt  -pro  -dmgen  "C:\Users\skantimahanty\Documents\GitHub\engr155-lab3\project files\impl_1\dm"  -ui -fid2 -ram -sharing on -ll 2000 -autosm  -D_MULTIPLE_FILE_COMPILATION_UNIT_  -lib work C:\lscc\radiant\2026.1\ip\pmi\pmi_iCE40UP.v -lib work -fsysv "C:\Users\skantimahanty\Documents\GitHub\engr155-lab3\project files\source\impl_1\counter.sv" -lib work -fsysv "C:\Users\skantimahanty\Documents\GitHub\engr155-lab3\project files\source\impl_1\lab3_skm.sv" -lib work -fsysv "C:\Users\skantimahanty\Documents\GitHub\engr155-lab3\project files\source\impl_1\lab2_scanner.sv" -lib work -fsysv "C:\Users\skantimahanty\Documents\GitHub\engr155-lab3\project files\source\impl_1\lab2_sevenseg.sv" -lib work -fsysv "C:\Users\skantimahanty\Documents\GitHub\engr155-lab3\project files\source\impl_1\lab3debouncer.sv" -lib work -fsysv "C:\Users\skantimahanty\Documents\GitHub\engr155-lab3\project files\source\impl_1\lab3led.sv" -lib work -fsysv "C:\Users\skantimahanty\Documents\GitHub\engr155-lab3\project files\source\impl_1\lab3main.sv" -lib work -fsysv "C:\Users\skantimahanty\Documents\GitHub\engr155-lab3\project files\source\impl_1\lab3sync.sv"  -jobname  "compiler" 
relcom:..\..\..\..\..\..\..\..\lscc\radiant\2026.1\synpbase\bin64\c_hdl.exe -osyn "C:\Users\skantimahanty\Documents\GitHub\engr155-lab3\project files\impl_1\synwork\lab3_impl_1_comp.srs" -top lab3_skm -hdllog "C:\Users\skantimahanty\Documents\GitHub\engr155-lab3\project files\impl_1\synlog\lab3_impl_1_compiler.srr" -encrypt -mp 4 -verification_mode 0 -vhdl -prodtype synplify_pro -primux -fixsmult -infer_seqShift -sdff_counter -nram -divnmod -nostructver -lattice -ice -encrypt -pro -dmgen "C:\Users\skantimahanty\Documents\GitHub\engr155-lab3\project files\impl_1\dm" -lite -ui -fid2 -ram -sharing on -ll 2000 -autosm -work_is_curlib 0 -ignore_undefined_lib -lib pmi ..\..\..\..\..\..\..\..\lscc\radiant\2026.1\ip\pmi\pmi_iCE40UP.vhd -verilog -prodtype synplify_pro -primux -fixsmult -infer_seqShift -sdff_counter -nram -divnmod -nostructver -lattice -ice -I "C:\Users\skantimahanty\Documents\GitHub\engr155-lab3\project files" -I "C:\Users\skantimahanty\Documents\GitHub\engr155-lab3\project files\impl_1\" -I ..\..\..\..\..\..\..\..\lscc\radiant\2026.1\synpbase\lib -v2001 -devicelib ..\..\..\..\..\..\..\..\lscc\radiant\2026.1\synpbase\lib\generic\ice40up.v -encrypt -pro -dmgen "C:\Users\skantimahanty\Documents\GitHub\engr155-lab3\project files\impl_1\dm" -ui -fid2 -ram -sharing on -ll 2000 -autosm -D_MULTIPLE_FILE_COMPILATION_UNIT_ -lib work ..\..\..\..\..\..\..\..\lscc\radiant\2026.1\ip\pmi\pmi_iCE40UP.v -lib work -fsysv "C:\Users\skantimahanty\Documents\GitHub\engr155-lab3\project files\source\impl_1\counter.sv" -lib work -fsysv "C:\Users\skantimahanty\Documents\GitHub\engr155-lab3\project files\source\impl_1\lab3_skm.sv" -lib work -fsysv "C:\Users\skantimahanty\Documents\GitHub\engr155-lab3\project files\source\impl_1\lab2_scanner.sv" -lib work -fsysv "C:\Users\skantimahanty\Documents\GitHub\engr155-lab3\project files\source\impl_1\lab2_sevenseg.sv" -lib work -fsysv "C:\Users\skantimahanty\Documents\GitHub\engr155-lab3\project files\source\impl_1\lab3debouncer.sv" -lib work -fsysv "C:\Users\skantimahanty\Documents\GitHub\engr155-lab3\project files\source\impl_1\lab3led.sv" -lib work -fsysv "C:\Users\skantimahanty\Documents\GitHub\engr155-lab3\project files\source\impl_1\lab3main.sv" -lib work -fsysv "C:\Users\skantimahanty\Documents\GitHub\engr155-lab3\project files\source\impl_1\lab3sync.sv" -jobname "compiler"
rc:0 success:1 runtime:10
file:..\synwork\lab3_impl_1_comp.srs|io:o|time:1789951620|size:15873|exec:0|csum:
file:..\synlog\lab3_impl_1_compiler.srr|io:o|time:1789951620|size:55799|exec:0|csum:
file:..\..\..\..\..\..\..\..\lscc\radiant\2026.1\ip\pmi\pmi_ice40up.vhd|io:i|time:1648538958|size:17231|exec:0|csum:B4484439D4F130E2494777ACC3084671
file:..\..\..\..\..\..\..\..\lscc\radiant\2026.1\synpbase\lib\generic\ice40up.v|io:i|time:1779441326|size:26462|exec:0|csum:72B2E46EE2EB03A1019CFFB44E4E2628
file:..\..\..\..\..\..\..\..\lscc\radiant\2026.1\ip\pmi\pmi_ice40up.v|io:i|time:1777857524|size:414|exec:0|csum:D085D8B0188570EA72C443DBFCD6183B
file:.\-fsysv|io:i|time:0|size:-1|exec:0|csum:
file:..\..\source\impl_1\counter.sv|io:i|time:1789951326|size:688|exec:0|csum:0F6F5ED6F72EF9A1C1F8BAC18C2855AD
file:.\-fsysv|io:i|time:0|size:-1|exec:0|csum:
file:..\..\source\impl_1\lab3_skm.sv|io:i|time:1789951326|size:2892|exec:0|csum:D9740D5F7CF0B1561DABFCE51DE758B3
file:.\-fsysv|io:i|time:0|size:-1|exec:0|csum:
file:..\..\source\impl_1\lab2_scanner.sv|io:i|time:1789951326|size:1117|exec:0|csum:07E484DDFB93CA8E482242EBEF42164C
file:.\-fsysv|io:i|time:0|size:-1|exec:0|csum:
file:..\..\source\impl_1\lab2_sevenseg.sv|io:i|time:1789951326|size:976|exec:0|csum:6796BF3A395E045E7808F8773AD8A3EF
file:.\-fsysv|io:i|time:0|size:-1|exec:0|csum:
file:..\..\source\impl_1\lab3debouncer.sv|io:i|time:1789951326|size:1538|exec:0|csum:07835B031C68E82914CAB8C26A9CA573
file:.\-fsysv|io:i|time:0|size:-1|exec:0|csum:
file:..\..\source\impl_1\lab3led.sv|io:i|time:1789951326|size:1283|exec:0|csum:853D89144C5E0ABB6DB92B461D04398A
file:.\-fsysv|io:i|time:0|size:-1|exec:0|csum:
file:..\..\source\impl_1\lab3main.sv|io:i|time:1789951326|size:5248|exec:0|csum:5E12D01EDBC98C70157A7107BEB97E38
file:.\-fsysv|io:i|time:0|size:-1|exec:0|csum:
file:..\..\source\impl_1\lab3sync.sv|io:i|time:1789951405|size:1044|exec:0|csum:92FCB7D65554AAEB3B87DB616FBBFE54
file:..\..\..\..\..\..\..\..\lscc\radiant\2026.1\synpbase\bin64\c_hdl.exe|io:i|time:1779441298|size:7728128|exec:1|csum:E0834759C12028DDE90FE1DC77D504EA
