
Copyright (C) 1994-2025 Synopsys, Inc.
This Synopsys software and all associated documentation are proprietary to Synopsys, Inc.
and may only be used pursuant to the terms and conditions of a written license agreement
with Synopsys, Inc. All other use, reproduction, modification, or distribution of the
Synopsys software or the associated documentation is strictly prohibited.
Tool: Synplify Pro (R)
Build: X-2025.09LR-SP1
Install: C:\lscc\radiant\2026.1\synpbase
OS: Windows 10 or later
Hostname: 8FMZ0R3

Implementation : impl_1
Synopsys HDL compiler and linker, Version comp202509synp2, Build 154R, Built May 20 2026 06:20:37, @

Modified Files: 1
FID:  path (prevtimestamp, timestamp)
3        C:\Users\skantimahanty\Documents\GitHub\engr155-lab3\project files\source\impl_1\lab3_skm.sv (2026-09-19 18:03:05, 2026-09-19 18:19:35)

*******************************************************************
Modules that may have changed as a result of file changes: 103
MID:  lib.cell.view
1        work.ebr_addr_pipe.verilog may have changed because the following files changed:
                        C:\Users\skantimahanty\Documents\GitHub\engr155-lab3\project files\source\impl_1\lab3_skm.sv (2026-09-19 18:03:05, 2026-09-19 18:19:35) <-- (may instantiate this module)
2        work.ebr_read_mux.verilog may have changed because the following files changed:
                        C:\Users\skantimahanty\Documents\GitHub\engr155-lab3\project files\source\impl_1\lab3_skm.sv (2026-09-19 18:03:05, 2026-09-19 18:19:35) <-- (may instantiate this module)
3        work.hsiao_ecc_decoder.verilog may have changed because the following files changed:
                        C:\Users\skantimahanty\Documents\GitHub\engr155-lab3\project files\source\impl_1\lab3_skm.sv (2026-09-19 18:03:05, 2026-09-19 18:19:35) <-- (may instantiate this module)
4        work.hsiao_ecc_encoder.verilog may have changed because the following files changed:
                        C:\Users\skantimahanty\Documents\GitHub\engr155-lab3\project files\source\impl_1\lab3_skm.sv (2026-09-19 18:03:05, 2026-09-19 18:19:35) <-- (may instantiate this module)
11       work.lscc_add_sub.verilog may have changed because the following files changed:
                        C:\Users\skantimahanty\Documents\GitHub\engr155-lab3\project files\source\impl_1\lab3_skm.sv (2026-09-19 18:03:05, 2026-09-19 18:19:35) <-- (may instantiate this module)
12       work.lscc_adder.verilog may have changed because the following files changed:
                        C:\Users\skantimahanty\Documents\GitHub\engr155-lab3\project files\source\impl_1\lab3_skm.sv (2026-09-19 18:03:05, 2026-09-19 18:19:35) <-- (may instantiate this module)
13       work.lscc_cntr.verilog may have changed because the following files changed:
                        C:\Users\skantimahanty\Documents\GitHub\engr155-lab3\project files\source\impl_1\lab3_skm.sv (2026-09-19 18:03:05, 2026-09-19 18:19:35) <-- (may instantiate this module)
14       work.lscc_complex_mult.verilog may have changed because the following files changed:
                        C:\Users\skantimahanty\Documents\GitHub\engr155-lab3\project files\source\impl_1\lab3_skm.sv (2026-09-19 18:03:05, 2026-09-19 18:19:35) <-- (may instantiate this module)
15       work.lscc_fifo.verilog may have changed because the following files changed:
                        C:\Users\skantimahanty\Documents\GitHub\engr155-lab3\project files\source\impl_1\lab3_skm.sv (2026-09-19 18:03:05, 2026-09-19 18:19:35) <-- (may instantiate this module)
16       work.lscc_fifo_dc.verilog may have changed because the following files changed:
                        C:\Users\skantimahanty\Documents\GitHub\engr155-lab3\project files\source\impl_1\lab3_skm.sv (2026-09-19 18:03:05, 2026-09-19 18:19:35) <-- (may instantiate this module)
17       work.lscc_fifo_dc_fwft_fabric.verilog may have changed because the following files changed:
                        C:\Users\skantimahanty\Documents\GitHub\engr155-lab3\project files\source\impl_1\lab3_skm.sv (2026-09-19 18:03:05, 2026-09-19 18:19:35) <-- (may instantiate this module)
18       work.lscc_fifo_dc_hw_core.verilog may have changed because the following files changed:
                        C:\Users\skantimahanty\Documents\GitHub\engr155-lab3\project files\source\impl_1\lab3_skm.sv (2026-09-19 18:03:05, 2026-09-19 18:19:35) <-- (may instantiate this module)
19       work.lscc_fifo_dc_main.verilog may have changed because the following files changed:
                        C:\Users\skantimahanty\Documents\GitHub\engr155-lab3\project files\source\impl_1\lab3_skm.sv (2026-09-19 18:03:05, 2026-09-19 18:19:35) <-- (may instantiate this module)
20       work.lscc_fifo_fwft_fabric.verilog may have changed because the following files changed:
                        C:\Users\skantimahanty\Documents\GitHub\engr155-lab3\project files\source\impl_1\lab3_skm.sv (2026-09-19 18:03:05, 2026-09-19 18:19:35) <-- (may instantiate this module)
21       work.lscc_fifo_hw_core.verilog may have changed because the following files changed:
                        C:\Users\skantimahanty\Documents\GitHub\engr155-lab3\project files\source\impl_1\lab3_skm.sv (2026-09-19 18:03:05, 2026-09-19 18:19:35) <-- (may instantiate this module)
22       work.lscc_fifo_main.verilog may have changed because the following files changed:
                        C:\Users\skantimahanty\Documents\GitHub\engr155-lab3\project files\source\impl_1\lab3_skm.sv (2026-09-19 18:03:05, 2026-09-19 18:19:35) <-- (may instantiate this module)
23       work.lscc_fifo_mem_core.verilog may have changed because the following files changed:
                        C:\Users\skantimahanty\Documents\GitHub\engr155-lab3\project files\source\impl_1\lab3_skm.sv (2026-09-19 18:03:05, 2026-09-19 18:19:35) <-- (may instantiate this module)
24       work.lscc_fifo_mem_main.verilog may have changed because the following files changed:
                        C:\Users\skantimahanty\Documents\GitHub\engr155-lab3\project files\source\impl_1\lab3_skm.sv (2026-09-19 18:03:05, 2026-09-19 18:19:35) <-- (may instantiate this module)
25       work.lscc_fifo_soft_mem.verilog may have changed because the following files changed:
                        C:\Users\skantimahanty\Documents\GitHub\engr155-lab3\project files\source\impl_1\lab3_skm.sv (2026-09-19 18:03:05, 2026-09-19 18:19:35) <-- (may instantiate this module)
26       work.lscc_hard_fifo.verilog may have changed because the following files changed:
                        C:\Users\skantimahanty\Documents\GitHub\engr155-lab3\project files\source\impl_1\lab3_skm.sv (2026-09-19 18:03:05, 2026-09-19 18:19:35) <-- (may instantiate this module)
27       work.lscc_hard_fifo_dc.verilog may have changed because the following files changed:
                        C:\Users\skantimahanty\Documents\GitHub\engr155-lab3\project files\source\impl_1\lab3_skm.sv (2026-09-19 18:03:05, 2026-09-19 18:19:35) <-- (may instantiate this module)
28       work.lscc_lfmxo4_addr_wiring.verilog may have changed because the following files changed:
                        C:\Users\skantimahanty\Documents\GitHub\engr155-lab3\project files\source\impl_1\lab3_skm.sv (2026-09-19 18:03:05, 2026-09-19 18:19:35) <-- (may instantiate this module)
29       work.lscc_lfmxo4_byte_enable_multi.verilog may have changed because the following files changed:
                        C:\Users\skantimahanty\Documents\GitHub\engr155-lab3\project files\source\impl_1\lab3_skm.sv (2026-09-19 18:03:05, 2026-09-19 18:19:35) <-- (may instantiate this module)
30       work.lscc_lfmxo4_cs_decode.verilog may have changed because the following files changed:
                        C:\Users\skantimahanty\Documents\GitHub\engr155-lab3\project files\source\impl_1\lab3_skm.sv (2026-09-19 18:03:05, 2026-09-19 18:19:35) <-- (may instantiate this module)
31       work.lscc_lfmxo4_data_deinterleave.verilog may have changed because the following files changed:
                        C:\Users\skantimahanty\Documents\GitHub\engr155-lab3\project files\source\impl_1\lab3_skm.sv (2026-09-19 18:03:05, 2026-09-19 18:19:35) <-- (may instantiate this module)
32       work.lscc_lfmxo4_data_interleave.verilog may have changed because the following files changed:
                        C:\Users\skantimahanty\Documents\GitHub\engr155-lab3\project files\source\impl_1\lab3_skm.sv (2026-09-19 18:03:05, 2026-09-19 18:19:35) <-- (may instantiate this module)
33       work.lscc_lfmxo4_data_routing.verilog may have changed because the following files changed:
                        C:\Users\skantimahanty\Documents\GitHub\engr155-lab3\project files\source\impl_1\lab3_skm.sv (2026-09-19 18:03:05, 2026-09-19 18:19:35) <-- (may instantiate this module)
34       work.lscc_lfmxo4_data_slice.verilog may have changed because the following files changed:
                        C:\Users\skantimahanty\Documents\GitHub\engr155-lab3\project files\source\impl_1\lab3_skm.sv (2026-09-19 18:03:05, 2026-09-19 18:19:35) <-- (may instantiate this module)
35       work.lscc_lfmxo4_dp8k_rd_wiring.verilog may have changed because the following files changed:
                        C:\Users\skantimahanty\Documents\GitHub\engr155-lab3\project files\source\impl_1\lab3_skm.sv (2026-09-19 18:03:05, 2026-09-19 18:19:35) <-- (may instantiate this module)
36       work.lscc_lfmxo4_dp8k_wr_wiring.verilog may have changed because the following files changed:
                        C:\Users\skantimahanty\Documents\GitHub\engr155-lab3\project files\source\impl_1\lab3_skm.sv (2026-09-19 18:03:05, 2026-09-19 18:19:35) <-- (may instantiate this module)
37       work.lscc_lfmxo4_fifo_dc.verilog may have changed because the following files changed:
                        C:\Users\skantimahanty\Documents\GitHub\engr155-lab3\project files\source\impl_1\lab3_skm.sv (2026-09-19 18:03:05, 2026-09-19 18:19:35) <-- (may instantiate this module)
38       work.lscc_lfmxo4_fifo_dc_distributed_ram.verilog may have changed because the following files changed:
                        C:\Users\skantimahanty\Documents\GitHub\engr155-lab3\project files\source\impl_1\lab3_skm.sv (2026-09-19 18:03:05, 2026-09-19 18:19:35) <-- (may instantiate this module)
39       work.lscc_lfmxo4_fifo_dc_ecc.verilog may have changed because the following files changed:
                        C:\Users\skantimahanty\Documents\GitHub\engr155-lab3\project files\source\impl_1\lab3_skm.sv (2026-09-19 18:03:05, 2026-09-19 18:19:35) <-- (may instantiate this module)
40       work.lscc_lfmxo4_fifo_dc_flag_and_cnts_logic.verilog may have changed because the following files changed:
                        C:\Users\skantimahanty\Documents\GitHub\engr155-lab3\project files\source\impl_1\lab3_skm.sv (2026-09-19 18:03:05, 2026-09-19 18:19:35) <-- (may instantiate this module)
41       work.lscc_lfmxo4_fifo_dc_gray_reg.verilog may have changed because the following files changed:
                        C:\Users\skantimahanty\Documents\GitHub\engr155-lab3\project files\source\impl_1\lab3_skm.sv (2026-09-19 18:03:05, 2026-09-19 18:19:35) <-- (may instantiate this module)
42       work.lscc_lfmxo4_fifo_dc_gray_synchronizer.verilog may have changed because the following files changed:
                        C:\Users\skantimahanty\Documents\GitHub\engr155-lab3\project files\source\impl_1\lab3_skm.sv (2026-09-19 18:03:05, 2026-09-19 18:19:35) <-- (may instantiate this module)
43       work.lscc_lfmxo4_fifo_dc_harden.verilog may have changed because the following files changed:
                        C:\Users\skantimahanty\Documents\GitHub\engr155-lab3\project files\source\impl_1\lab3_skm.sv (2026-09-19 18:03:05, 2026-09-19 18:19:35) <-- (may instantiate this module)
44       work.lscc_lfmxo4_fifo_dc_harden_prim.verilog may have changed because the following files changed:
                        C:\Users\skantimahanty\Documents\GitHub\engr155-lab3\project files\source\impl_1\lab3_skm.sv (2026-09-19 18:03:05, 2026-09-19 18:19:35) <-- (may instantiate this module)
45       work.lscc_lfmxo4_fifo_dc_harden_rd_ctrl_logic.verilog may have changed because the following files changed:
                        C:\Users\skantimahanty\Documents\GitHub\engr155-lab3\project files\source\impl_1\lab3_skm.sv (2026-09-19 18:03:05, 2026-09-19 18:19:35) <-- (may instantiate this module)
46       work.lscc_lfmxo4_fifo_dc_harden_rd_output_logic.verilog may have changed because the following files changed:
                        C:\Users\skantimahanty\Documents\GitHub\engr155-lab3\project files\source\impl_1\lab3_skm.sv (2026-09-19 18:03:05, 2026-09-19 18:19:35) <-- (may instantiate this module)
47       work.lscc_lfmxo4_fifo_dc_harden_ring_counter.verilog may have changed because the following files changed:
                        C:\Users\skantimahanty\Documents\GitHub\engr155-lab3\project files\source\impl_1\lab3_skm.sv (2026-09-19 18:03:05, 2026-09-19 18:19:35) <-- (may instantiate this module)
48       work.lscc_lfmxo4_fifo_dc_harden_wr_ctrl_logic.verilog may have changed because the following files changed:
                        C:\Users\skantimahanty\Documents\GitHub\engr155-lab3\project files\source\impl_1\lab3_skm.sv (2026-09-19 18:03:05, 2026-09-19 18:19:35) <-- (may instantiate this module)
49       work.lscc_lfmxo4_fifo_dc_prim_gen.verilog may have changed because the following files changed:
                        C:\Users\skantimahanty\Documents\GitHub\engr155-lab3\project files\source\impl_1\lab3_skm.sv (2026-09-19 18:03:05, 2026-09-19 18:19:35) <-- (may instantiate this module)
50       work.lscc_lfmxo4_fifo_dc_rd_ctrl_logic.verilog may have changed because the following files changed:
                        C:\Users\skantimahanty\Documents\GitHub\engr155-lab3\project files\source\impl_1\lab3_skm.sv (2026-09-19 18:03:05, 2026-09-19 18:19:35) <-- (may instantiate this module)
51       work.lscc_lfmxo4_fifo_dc_wr_ctrl_logic.verilog may have changed because the following files changed:
                        C:\Users\skantimahanty\Documents\GitHub\engr155-lab3\project files\source\impl_1\lab3_skm.sv (2026-09-19 18:03:05, 2026-09-19 18:19:35) <-- (may instantiate this module)
52       work.lscc_lfmxo4_pdpw_rd_wiring.verilog may have changed because the following files changed:
                        C:\Users\skantimahanty\Documents\GitHub\engr155-lab3\project files\source\impl_1\lab3_skm.sv (2026-09-19 18:03:05, 2026-09-19 18:19:35) <-- (may instantiate this module)
53       work.lscc_lfmxo4_pdpw_wr_wiring.verilog may have changed because the following files changed:
                        C:\Users\skantimahanty\Documents\GitHub\engr155-lab3\project files\source\impl_1\lab3_skm.sv (2026-09-19 18:03:05, 2026-09-19 18:19:35) <-- (may instantiate this module)
54       work.lscc_lfmxo4_ram_dp.verilog may have changed because the following files changed:
                        C:\Users\skantimahanty\Documents\GitHub\engr155-lab3\project files\source\impl_1\lab3_skm.sv (2026-09-19 18:03:05, 2026-09-19 18:19:35) <-- (may instantiate this module)
55       work.lscc_lfmxo4_ram_dp_behavioral.verilog may have changed because the following files changed:
                        C:\Users\skantimahanty\Documents\GitHub\engr155-lab3\project files\source\impl_1\lab3_skm.sv (2026-09-19 18:03:05, 2026-09-19 18:19:35) <-- (module definition)
56       work.lscc_lfmxo4_ram_dp_core.verilog may have changed because the following files changed:
                        C:\Users\skantimahanty\Documents\GitHub\engr155-lab3\project files\source\impl_1\lab3_skm.sv (2026-09-19 18:03:05, 2026-09-19 18:19:35) <-- (may instantiate this module)
57       work.lscc_lfmxo4_ram_dp_lut_decode.verilog may have changed because the following files changed:
                        C:\Users\skantimahanty\Documents\GitHub\engr155-lab3\project files\source\impl_1\lab3_skm.sv (2026-09-19 18:03:05, 2026-09-19 18:19:35) <-- (may instantiate this module)
58       work.lscc_lfmxo4_ram_dp_main.verilog may have changed because the following files changed:
                        C:\Users\skantimahanty\Documents\GitHub\engr155-lab3\project files\source\impl_1\lab3_skm.sv (2026-09-19 18:03:05, 2026-09-19 18:19:35) <-- (may instantiate this module)
59       work.lscc_lfmxo4_ram_dp_mix_no_byte_en.verilog may have changed because the following files changed:
                        C:\Users\skantimahanty\Documents\GitHub\engr155-lab3\project files\source\impl_1\lab3_skm.sv (2026-09-19 18:03:05, 2026-09-19 18:19:35) <-- (may instantiate this module)
60       work.lscc_lfmxo4_ram_dp_mix_w_byte_en.verilog may have changed because the following files changed:
                        C:\Users\skantimahanty\Documents\GitHub\engr155-lab3\project files\source\impl_1\lab3_skm.sv (2026-09-19 18:03:05, 2026-09-19 18:19:35) <-- (may instantiate this module)
61       work.lscc_lfmxo4_ram_dp_non_mix.verilog may have changed because the following files changed:
                        C:\Users\skantimahanty\Documents\GitHub\engr155-lab3\project files\source\impl_1\lab3_skm.sv (2026-09-19 18:03:05, 2026-09-19 18:19:35) <-- (may instantiate this module)
62       work.lscc_lfmxo4_ram_dp_out_reg.verilog may have changed because the following files changed:
                        C:\Users\skantimahanty\Documents\GitHub\engr155-lab3\project files\source\impl_1\lab3_skm.sv (2026-09-19 18:03:05, 2026-09-19 18:19:35) <-- (may instantiate this module)
63       work.lscc_lfmxo4_ram_dp_rd_addr_pipe.verilog may have changed because the following files changed:
                        C:\Users\skantimahanty\Documents\GitHub\engr155-lab3\project files\source\impl_1\lab3_skm.sv (2026-09-19 18:03:05, 2026-09-19 18:19:35) <-- (may instantiate this module)
64       work.lscc_lfmxo4_ram_dp_rd_en_reg.verilog may have changed because the following files changed:
                        C:\Users\skantimahanty\Documents\GitHub\engr155-lab3\project files\source\impl_1\lab3_skm.sv (2026-09-19 18:03:05, 2026-09-19 18:19:35) <-- (may instantiate this module)
65       work.lscc_lfmxo4_ram_dp_read_mux.verilog may have changed because the following files changed:
                        C:\Users\skantimahanty\Documents\GitHub\engr155-lab3\project files\source\impl_1\lab3_skm.sv (2026-09-19 18:03:05, 2026-09-19 18:19:35) <-- (may instantiate this module)
66       work.lscc_lfmxo4_ram_dq.verilog may have changed because the following files changed:
                        C:\Users\skantimahanty\Documents\GitHub\engr155-lab3\project files\source\impl_1\lab3_skm.sv (2026-09-19 18:03:05, 2026-09-19 18:19:35) <-- (may instantiate this module)
67       work.lscc_lfmxo4_ram_dq_core.verilog may have changed because the following files changed:
                        C:\Users\skantimahanty\Documents\GitHub\engr155-lab3\project files\source\impl_1\lab3_skm.sv (2026-09-19 18:03:05, 2026-09-19 18:19:35) <-- (may instantiate this module)
68       work.lscc_lfmxo4_ram_dq_inst.verilog may have changed because the following files changed:
                        C:\Users\skantimahanty\Documents\GitHub\engr155-lab3\project files\source\impl_1\lab3_skm.sv (2026-09-19 18:03:05, 2026-09-19 18:19:35) <-- (may instantiate this module)
69       work.lscc_lfmxo4_ram_dq_lut_decode.verilog may have changed because the following files changed:
                        C:\Users\skantimahanty\Documents\GitHub\engr155-lab3\project files\source\impl_1\lab3_skm.sv (2026-09-19 18:03:05, 2026-09-19 18:19:35) <-- (may instantiate this module)
70       work.lscc_lfmxo4_ram_dq_main.verilog may have changed because the following files changed:
                        C:\Users\skantimahanty\Documents\GitHub\engr155-lab3\project files\source\impl_1\lab3_skm.sv (2026-09-19 18:03:05, 2026-09-19 18:19:35) <-- (may instantiate this module)
71       work.lscc_lfmxo4_write_through.verilog may have changed because the following files changed:
                        C:\Users\skantimahanty\Documents\GitHub\engr155-lab3\project files\source\impl_1\lab3_skm.sv (2026-09-19 18:03:05, 2026-09-19 18:19:35) <-- (may instantiate this module)
72       work.lscc_mult_accumulate.verilog may have changed because the following files changed:
                        C:\Users\skantimahanty\Documents\GitHub\engr155-lab3\project files\source\impl_1\lab3_skm.sv (2026-09-19 18:03:05, 2026-09-19 18:19:35) <-- (may instantiate this module)
73       work.lscc_mult_add_sub.verilog may have changed because the following files changed:
                        C:\Users\skantimahanty\Documents\GitHub\engr155-lab3\project files\source\impl_1\lab3_skm.sv (2026-09-19 18:03:05, 2026-09-19 18:19:35) <-- (may instantiate this module)
74       work.lscc_mult_add_sub_sum.verilog may have changed because the following files changed:
                        C:\Users\skantimahanty\Documents\GitHub\engr155-lab3\project files\source\impl_1\lab3_skm.sv (2026-09-19 18:03:05, 2026-09-19 18:19:35) <-- (may instantiate this module)
75       work.lscc_multiplier.verilog may have changed because the following files changed:
                        C:\Users\skantimahanty\Documents\GitHub\engr155-lab3\project files\source\impl_1\lab3_skm.sv (2026-09-19 18:03:05, 2026-09-19 18:19:35) <-- (may instantiate this module)
76       work.lscc_multiplier_dsp.verilog may have changed because the following files changed:
                        C:\Users\skantimahanty\Documents\GitHub\engr155-lab3\project files\source\impl_1\lab3_skm.sv (2026-09-19 18:03:05, 2026-09-19 18:19:35) <-- (may instantiate this module)
77       work.lscc_multiplier_lut.verilog may have changed because the following files changed:
                        C:\Users\skantimahanty\Documents\GitHub\engr155-lab3\project files\source\impl_1\lab3_skm.sv (2026-09-19 18:03:05, 2026-09-19 18:19:35) <-- (may instantiate this module)
78       work.lscc_ram_dp.verilog may have changed because the following files changed:
                        C:\Users\skantimahanty\Documents\GitHub\engr155-lab3\project files\source\impl_1\lab3_skm.sv (2026-09-19 18:03:05, 2026-09-19 18:19:35) <-- (may instantiate this module)
79       work.lscc_ram_dp_core.verilog may have changed because the following files changed:
                        C:\Users\skantimahanty\Documents\GitHub\engr155-lab3\project files\source\impl_1\lab3_skm.sv (2026-09-19 18:03:05, 2026-09-19 18:19:35) <-- (may instantiate this module)
80       work.lscc_ram_dp_main.verilog may have changed because the following files changed:
                        C:\Users\skantimahanty\Documents\GitHub\engr155-lab3\project files\source\impl_1\lab3_skm.sv (2026-09-19 18:03:05, 2026-09-19 18:19:35) <-- (may instantiate this module)
81       work.lscc_ram_dq.verilog may have changed because the following files changed:
                        C:\Users\skantimahanty\Documents\GitHub\engr155-lab3\project files\source\impl_1\lab3_skm.sv (2026-09-19 18:03:05, 2026-09-19 18:19:35) <-- (may instantiate this module)
82       work.lscc_ram_dq_core.verilog may have changed because the following files changed:
                        C:\Users\skantimahanty\Documents\GitHub\engr155-lab3\project files\source\impl_1\lab3_skm.sv (2026-09-19 18:03:05, 2026-09-19 18:19:35) <-- (may instantiate this module)
83       work.lscc_ram_dq_inst.verilog may have changed because the following files changed:
                        C:\Users\skantimahanty\Documents\GitHub\engr155-lab3\project files\source\impl_1\lab3_skm.sv (2026-09-19 18:03:05, 2026-09-19 18:19:35) <-- (may instantiate this module)
84       work.lscc_ram_dq_main.verilog may have changed because the following files changed:
                        C:\Users\skantimahanty\Documents\GitHub\engr155-lab3\project files\source\impl_1\lab3_skm.sv (2026-09-19 18:03:05, 2026-09-19 18:19:35) <-- (may instantiate this module)
85       work.lscc_reset_async.verilog may have changed because the following files changed:
                        C:\Users\skantimahanty\Documents\GitHub\engr155-lab3\project files\source\impl_1\lab3_skm.sv (2026-09-19 18:03:05, 2026-09-19 18:19:35) <-- (may instantiate this module)
86       work.lscc_rom.verilog may have changed because the following files changed:
                        C:\Users\skantimahanty\Documents\GitHub\engr155-lab3\project files\source\impl_1\lab3_skm.sv (2026-09-19 18:03:05, 2026-09-19 18:19:35) <-- (may instantiate this module)
87       work.lscc_rom_inst.verilog may have changed because the following files changed:
                        C:\Users\skantimahanty\Documents\GitHub\engr155-lab3\project files\source\impl_1\lab3_skm.sv (2026-09-19 18:03:05, 2026-09-19 18:19:35) <-- (may instantiate this module)
88       work.lscc_rom_inst_core.verilog may have changed because the following files changed:
                        C:\Users\skantimahanty\Documents\GitHub\engr155-lab3\project files\source\impl_1\lab3_skm.sv (2026-09-19 18:03:05, 2026-09-19 18:19:35) <-- (may instantiate this module)
89       work.lscc_soft_fifo.verilog may have changed because the following files changed:
                        C:\Users\skantimahanty\Documents\GitHub\engr155-lab3\project files\source\impl_1\lab3_skm.sv (2026-09-19 18:03:05, 2026-09-19 18:19:35) <-- (may instantiate this module)
90       work.lscc_soft_fifo_dc.verilog may have changed because the following files changed:
                        C:\Users\skantimahanty\Documents\GitHub\engr155-lab3\project files\source\impl_1\lab3_skm.sv (2026-09-19 18:03:05, 2026-09-19 18:19:35) <-- (may instantiate this module)
91       work.lscc_subtractor.verilog may have changed because the following files changed:
                        C:\Users\skantimahanty\Documents\GitHub\engr155-lab3\project files\source\impl_1\lab3_skm.sv (2026-09-19 18:03:05, 2026-09-19 18:19:35) <-- (may instantiate this module)
92       work.lscc_write_through.verilog may have changed because the following files changed:
                        C:\Users\skantimahanty\Documents\GitHub\engr155-lab3\project files\source\impl_1\lab3_skm.sv (2026-09-19 18:03:05, 2026-09-19 18:19:35) <-- (may instantiate this module)
93       work.pmi_add.verilog may have changed because the following files changed:
                        C:\Users\skantimahanty\Documents\GitHub\engr155-lab3\project files\source\impl_1\lab3_skm.sv (2026-09-19 18:03:05, 2026-09-19 18:19:35) <-- (may instantiate this module)
94       work.pmi_addsub.verilog may have changed because the following files changed:
                        C:\Users\skantimahanty\Documents\GitHub\engr155-lab3\project files\source\impl_1\lab3_skm.sv (2026-09-19 18:03:05, 2026-09-19 18:19:35) <-- (may instantiate this module)
95       work.pmi_complex_mult.verilog may have changed because the following files changed:
                        C:\Users\skantimahanty\Documents\GitHub\engr155-lab3\project files\source\impl_1\lab3_skm.sv (2026-09-19 18:03:05, 2026-09-19 18:19:35) <-- (may instantiate this module)
96       work.pmi_counter.verilog may have changed because the following files changed:
                        C:\Users\skantimahanty\Documents\GitHub\engr155-lab3\project files\source\impl_1\lab3_skm.sv (2026-09-19 18:03:05, 2026-09-19 18:19:35) <-- (may instantiate this module)
97       work.pmi_dsp.verilog may have changed because the following files changed:
                        C:\Users\skantimahanty\Documents\GitHub\engr155-lab3\project files\source\impl_1\lab3_skm.sv (2026-09-19 18:03:05, 2026-09-19 18:19:35) <-- (may instantiate this module)
98       work.pmi_fifo.verilog may have changed because the following files changed:
                        C:\Users\skantimahanty\Documents\GitHub\engr155-lab3\project files\source\impl_1\lab3_skm.sv (2026-09-19 18:03:05, 2026-09-19 18:19:35) <-- (may instantiate this module)
99       work.pmi_fifo_dc.verilog may have changed because the following files changed:
                        C:\Users\skantimahanty\Documents\GitHub\engr155-lab3\project files\source\impl_1\lab3_skm.sv (2026-09-19 18:03:05, 2026-09-19 18:19:35) <-- (may instantiate this module)
100      work.pmi_mac.verilog may have changed because the following files changed:
                        C:\Users\skantimahanty\Documents\GitHub\engr155-lab3\project files\source\impl_1\lab3_skm.sv (2026-09-19 18:03:05, 2026-09-19 18:19:35) <-- (may instantiate this module)
101      work.pmi_mult.verilog may have changed because the following files changed:
                        C:\Users\skantimahanty\Documents\GitHub\engr155-lab3\project files\source\impl_1\lab3_skm.sv (2026-09-19 18:03:05, 2026-09-19 18:19:35) <-- (may instantiate this module)
102      work.pmi_multaddsub.verilog may have changed because the following files changed:
                        C:\Users\skantimahanty\Documents\GitHub\engr155-lab3\project files\source\impl_1\lab3_skm.sv (2026-09-19 18:03:05, 2026-09-19 18:19:35) <-- (may instantiate this module)
103      work.pmi_multaddsubsum.verilog may have changed because the following files changed:
                        C:\Users\skantimahanty\Documents\GitHub\engr155-lab3\project files\source\impl_1\lab3_skm.sv (2026-09-19 18:03:05, 2026-09-19 18:19:35) <-- (may instantiate this module)
104      work.pmi_ram_dp.verilog may have changed because the following files changed:
                        C:\Users\skantimahanty\Documents\GitHub\engr155-lab3\project files\source\impl_1\lab3_skm.sv (2026-09-19 18:03:05, 2026-09-19 18:19:35) <-- (may instantiate this module)
105      work.pmi_ram_dp_be.verilog may have changed because the following files changed:
                        C:\Users\skantimahanty\Documents\GitHub\engr155-lab3\project files\source\impl_1\lab3_skm.sv (2026-09-19 18:03:05, 2026-09-19 18:19:35) <-- (may instantiate this module)
106      work.pmi_ram_dq.verilog may have changed because the following files changed:
                        C:\Users\skantimahanty\Documents\GitHub\engr155-lab3\project files\source\impl_1\lab3_skm.sv (2026-09-19 18:03:05, 2026-09-19 18:19:35) <-- (may instantiate this module)
107      work.pmi_ram_dq_be.verilog may have changed because the following files changed:
                        C:\Users\skantimahanty\Documents\GitHub\engr155-lab3\project files\source\impl_1\lab3_skm.sv (2026-09-19 18:03:05, 2026-09-19 18:19:35) <-- (may instantiate this module)
108      work.pmi_rom.verilog may have changed because the following files changed:
                        C:\Users\skantimahanty\Documents\GitHub\engr155-lab3\project files\source\impl_1\lab3_skm.sv (2026-09-19 18:03:05, 2026-09-19 18:19:35) <-- (may instantiate this module)
109      work.pmi_sub.verilog may have changed because the following files changed:
                        C:\Users\skantimahanty\Documents\GitHub\engr155-lab3\project files\source\impl_1\lab3_skm.sv (2026-09-19 18:03:05, 2026-09-19 18:19:35) <-- (may instantiate this module)

*******************************************************************
Unmodified files: 66
FID:  path (timestamp)
0        C:\Users\skantimahanty\Documents\GitHub\engr155-lab3\project files\source\impl_1\counter.sv (2026-09-19 17:57:30)
1        C:\Users\skantimahanty\Documents\GitHub\engr155-lab3\project files\source\impl_1\lab2_scanner.sv (2026-09-19 17:57:30)
2        C:\Users\skantimahanty\Documents\GitHub\engr155-lab3\project files\source\impl_1\lab2_sevenseg.sv (2026-09-19 17:57:30)
4        C:\Users\skantimahanty\Documents\GitHub\engr155-lab3\project files\source\impl_1\lab3debouncer.sv (2026-09-19 17:57:30)
5        C:\Users\skantimahanty\Documents\GitHub\engr155-lab3\project files\source\impl_1\lab3led.sv (2026-09-19 17:57:30)
6        C:\Users\skantimahanty\Documents\GitHub\engr155-lab3\project files\source\impl_1\lab3main.sv (2026-09-19 17:57:30)
7        C:\lscc\radiant\2026.1\ip\pmi\../LFMXO4/fifo_dc/rtl/lscc_lfmxo4_fifo_dc.v (2026-04-15 22:16:42)
8        C:\lscc\radiant\2026.1\ip\pmi\../LFMXO4/fifo_dc/rtl\lscc_lfmxo4_fifo_dc_distributed_ram.v (2026-01-29 04:51:15)
9        C:\lscc\radiant\2026.1\ip\pmi\../LFMXO4/fifo_dc/rtl\lscc_lfmxo4_fifo_dc_ecc.v (2026-04-15 23:00:09)
10       C:\lscc\radiant\2026.1\ip\pmi\../LFMXO4/fifo_dc/rtl\lscc_lfmxo4_fifo_dc_flag_and_cnts_logic.v (2026-03-27 02:35:42)
11       C:\lscc\radiant\2026.1\ip\pmi\../LFMXO4/fifo_dc/rtl\lscc_lfmxo4_fifo_dc_gray_reg.v (2026-01-29 04:51:27)
12       C:\lscc\radiant\2026.1\ip\pmi\../LFMXO4/fifo_dc/rtl\lscc_lfmxo4_fifo_dc_gray_synchronizer.v (2026-01-29 04:51:31)
13       C:\lscc\radiant\2026.1\ip\pmi\../LFMXO4/fifo_dc/rtl\lscc_lfmxo4_fifo_dc_harden.v (2026-04-09 23:45:57)
14       C:\lscc\radiant\2026.1\ip\pmi\../LFMXO4/fifo_dc/rtl\lscc_lfmxo4_fifo_dc_harden_prim.v (2026-03-31 21:58:51)
15       C:\lscc\radiant\2026.1\ip\pmi\../LFMXO4/fifo_dc/rtl\lscc_lfmxo4_fifo_dc_harden_rd_ctrl_logic.v (2026-04-08 00:25:14)
16       C:\lscc\radiant\2026.1\ip\pmi\../LFMXO4/fifo_dc/rtl\lscc_lfmxo4_fifo_dc_harden_rd_output_logic.v (2026-01-29 06:02:20)
17       C:\lscc\radiant\2026.1\ip\pmi\../LFMXO4/fifo_dc/rtl\lscc_lfmxo4_fifo_dc_harden_ring_counter.v (2026-01-29 04:52:08)
18       C:\lscc\radiant\2026.1\ip\pmi\../LFMXO4/fifo_dc/rtl\lscc_lfmxo4_fifo_dc_harden_wr_ctrl_logic.v (2026-03-27 02:35:43)
19       C:\lscc\radiant\2026.1\ip\pmi\../LFMXO4/fifo_dc/rtl\lscc_lfmxo4_fifo_dc_prim_gen.v (2026-04-22 17:27:01)
20       C:\lscc\radiant\2026.1\ip\pmi\../LFMXO4/fifo_dc/rtl\lscc_lfmxo4_fifo_dc_rd_ctrl_logic.v (2026-01-29 04:52:29)
21       C:\lscc\radiant\2026.1\ip\pmi\../LFMXO4/fifo_dc/rtl\lscc_lfmxo4_fifo_dc_wr_ctrl_logic.v (2026-01-29 04:52:37)
22       C:\lscc\radiant\2026.1\ip\pmi\../LFMXO4/ram_dp/rtl/lscc_lfmxo4_ram_dp.v (2026-04-21 00:28:27)
23       C:\lscc\radiant\2026.1\ip\pmi\../LFMXO4/ram_dp/rtl\lscc_lfmxo4_ram_dp_behavioral.v (2026-04-22 18:16:13)
24       C:\lscc\radiant\2026.1\ip\pmi\../LFMXO4/ram_dp/rtl\lscc_lfmxo4_ram_dp_functions.vh (2026-04-09 22:08:48)
25       C:\lscc\radiant\2026.1\ip\pmi\../LFMXO4/ram_dp/rtl\lscc_lfmxo4_ram_dp_impl.v (2026-04-21 00:28:27)
26       C:\lscc\radiant\2026.1\ip\pmi\../LFMXO4/ram_dp/rtl\lscc_lfmxo4_ram_dp_lut_decode.v (2026-02-08 23:18:09)
27       C:\lscc\radiant\2026.1\ip\pmi\../LFMXO4/ram_dq/rtl/lscc_lfmxo4_ram_dq.v (2026-04-13 19:44:33)
28       C:\lscc\radiant\2026.1\ip\pmi\../LFMXO4/ram_dq/rtl\hsiao_ecc_decoder.v (2026-02-23 18:10:05)
29       C:\lscc\radiant\2026.1\ip\pmi\../LFMXO4/ram_dq/rtl\hsiao_ecc_encoder.v (2026-02-04 17:36:18)
30       C:\lscc\radiant\2026.1\ip\pmi\../LFMXO4/ram_dq/rtl\lscc_lfmxo4_ram_dq_lut_decode.v (2026-03-29 20:14:50)
31       C:\lscc\radiant\2026.1\ip\pmi\../common/adder/rtl/lscc_adder.v (2024-08-01 22:26:31)
32       C:\lscc\radiant\2026.1\ip\pmi\../common/adder_subtractor/rtl/lscc_add_sub.v (2023-10-30 22:42:37)
33       C:\lscc\radiant\2026.1\ip\pmi\../common/complex_mult/rtl/lscc_complex_mult.v (2023-10-25 02:09:00)
34       C:\lscc\radiant\2026.1\ip\pmi\../common/counter/rtl/lscc_cntr.v (2019-08-05 00:41:47)
35       C:\lscc\radiant\2026.1\ip\pmi\../common/fifo/rtl/lscc_fifo.v (2025-02-27 08:21:14)
36       C:\lscc\radiant\2026.1\ip\pmi\../common/fifo_dc/rtl/lscc_fifo_dc.v (2025-02-26 18:41:19)
37       C:\lscc\radiant\2026.1\ip\pmi\../common/mult_accumulate/rtl/lscc_mult_accumulate.v (2023-10-25 02:39:25)
38       C:\lscc\radiant\2026.1\ip\pmi\../common/mult_add_sub/rtl/lscc_mult_add_sub.v (2023-10-25 02:44:01)
39       C:\lscc\radiant\2026.1\ip\pmi\../common/mult_add_sub_sum/rtl/lscc_mult_add_sub_sum.v (2023-10-25 02:46:56)
40       C:\lscc\radiant\2026.1\ip\pmi\../common/multiplier/rtl/lscc_multiplier.v (2023-10-25 02:49:49)
41       C:\lscc\radiant\2026.1\ip\pmi\../common/ram_dp/rtl/lscc_ram_dp.v (2024-11-12 22:26:42)
42       C:\lscc\radiant\2026.1\ip\pmi\../common/ram_dq/rtl/lscc_ram_dq.v (2024-11-12 22:27:03)
43       C:\lscc\radiant\2026.1\ip\pmi\../common/rom/rtl/lscc_rom.v (2024-11-12 22:27:10)
44       C:\lscc\radiant\2026.1\ip\pmi\../common/subtractor/rtl/lscc_subtractor.v (2019-08-05 00:43:15)
45       C:\lscc\radiant\2026.1\ip\pmi\pmi_add.v (2019-07-10 16:12:46)
46       C:\lscc\radiant\2026.1\ip\pmi\pmi_addsub.v (2026-05-03 18:16:06)
47       C:\lscc\radiant\2026.1\ip\pmi\pmi_complex_mult.v (2019-07-10 16:14:03)
48       C:\lscc\radiant\2026.1\ip\pmi\pmi_counter.v (2026-05-03 18:17:08)
49       C:\lscc\radiant\2026.1\ip\pmi\pmi_dsp.v (2018-09-06 21:04:55)
50       C:\lscc\radiant\2026.1\ip\pmi\pmi_fifo.v (2024-06-18 03:10:05)
51       C:\lscc\radiant\2026.1\ip\pmi\pmi_fifo_dc.v (2026-02-02 20:39:20)
52       C:\lscc\radiant\2026.1\ip\pmi\pmi_iCE40UP.v (2026-05-03 18:18:44)
53       C:\lscc\radiant\2026.1\ip\pmi\pmi_mac.v (2019-07-10 16:15:11)
54       C:\lscc\radiant\2026.1\ip\pmi\pmi_mult.v (2019-07-10 16:15:37)
55       C:\lscc\radiant\2026.1\ip\pmi\pmi_multaddsub.v (2019-07-10 16:16:06)
56       C:\lscc\radiant\2026.1\ip\pmi\pmi_multaddsubsum.v (2026-05-03 18:19:25)
57       C:\lscc\radiant\2026.1\ip\pmi\pmi_ram_dp.v (2025-10-14 01:09:55)
58       C:\lscc\radiant\2026.1\ip\pmi\pmi_ram_dp_be.v (2025-10-14 01:10:11)
59       C:\lscc\radiant\2026.1\ip\pmi\pmi_ram_dq.v (2025-10-14 01:11:42)
60       C:\lscc\radiant\2026.1\ip\pmi\pmi_ram_dq_be.v (2025-10-14 01:11:55)
61       C:\lscc\radiant\2026.1\ip\pmi\pmi_rom.v (2024-04-10 17:35:41)
62       C:\lscc\radiant\2026.1\ip\pmi\pmi_sub.v (2019-07-10 16:17:30)
63       C:\lscc\radiant\2026.1\synpbase\lib\generic\ice40up.v (2026-05-22 02:15:26)
64       C:\lscc\radiant\2026.1\synpbase\lib\vlog\hypermods.v (2026-05-22 02:15:29)
65       C:\lscc\radiant\2026.1\synpbase\lib\vlog\scemi_objects.v (2026-05-22 02:15:29)
66       C:\lscc\radiant\2026.1\synpbase\lib\vlog\scemi_pipes.svh (2026-05-22 02:15:29)

*******************************************************************
Unchanged modules: 7
MID:  lib.cell.view
0        work.counter.verilog
5        work.lab2_scanner.verilog
6        work.lab2_sevenseg.verilog
7        work.lab3_skm.verilog
8        work.lab3debouncer.verilog
9        work.lab3led.verilog
10       work.lab3main.verilog
