---------------------------------------
Resource Usage Report for lab3_skm 

Mapping to part: ice40up5ksg48i-6
Cell usage:
CCU2_B          39 uses
FD1P3DZ         131 uses
HSOSC           1 use
VHI             11 uses
VLO             11 uses
LUT4            200 uses

I/O ports: 17
I/O primitives: 17
IB             4 uses
OB             13 uses

I/O Register bits:                  0
Register bits not including I/Os:   131 of 5280 (2%)

@S |Mapping Summary:
Total  LUTs: 200 (3%)

Distribution of All Consumed LUTs = LUT4 
Distribution of All Consumed LUTs 200 = 200 

